../Core/Src/MFRC522.c:7:6:MFRC522_SPI_CS_low	0	static
../Core/Src/MFRC522.c:11:6:MFRC522_SPI_CS_high	0	static
../Core/Src/MFRC522.c:16:6:MFRC522_writeRegister	16	static
../Core/Src/MFRC522.c:23:9:MFRC522_readRegister	16	static
../Core/Src/MFRC522.c:38:6:Write_MFRC522	0	static
../Core/Src/MFRC522.c:46:6:SetBitMask	16	static
../Core/Src/MFRC522.c:52:6:ClearBitMask	16	static
../Core/Src/MFRC522.c:59:6:AntennaOn	0	static
../Core/Src/MFRC522.c:64:6:AntennaOff	0	static
../Core/Src/MFRC522.c:69:6:MFRC522_Reset	0	static
../Core/Src/MFRC522.c:73:6:MFRC522_Init	8	static
../Core/Src/MFRC522.c:106:9:MFRC522_ToCard	32	static
../Core/Src/MFRC522.c:89:9:MFRC522_Request	32	static
../Core/Src/MFRC522.c:194:9:MFRC522_Anticoll	24	static
../Core/Src/MFRC522.c:272:6:CalulateCRC	16	static
../Core/Src/MFRC522.c:221:9:MFRC522_Read	24	static
../Core/Src/MFRC522.c:238:9:MFRC522_Write	48	static
../Core/Src/MFRC522.c:296:9:MFRC522_Auth	32	static
../Core/Src/MFRC522.c:321:9:MFRC522_SelectTag	32	static
../Core/Src/MFRC522.c:345:6:MFRC522_Halt	24	static
../Core/Src/MFRC522.c:357:6:MFRC522_StopCrypto1	0	static
